###############################################################################
#
# IAR ELF Linker V8.50.6.265/W32 for ARM                  14/Jan/2021  20:20:09
# Copyright 2007-2020 IAR Systems AB.
#
#    Output file  =  D:\Micro Cods\Final_traffic\Debug\Exe\TrafficLights.out
#    Map file     =  D:\Micro Cods\Final_traffic\Debug\List\TrafficLights.map
#    Command line =
#        -f C:\Users\SUPERS~1\AppData\Local\Temp\EWCDD7.tmp ("D:\Micro
#        Cods\Final_traffic\Debug\Obj\GPTM.o" "D:\Micro
#        Cods\Final_traffic\Debug\Obj\interrupt.o" "D:\Micro
#        Cods\Final_traffic\Debug\Obj\main.o" "D:\Micro
#        Cods\Final_traffic\Debug\Obj\startup_ewarm.o" "D:\Micro
#        Cods\Final_traffic\Debug\Obj\sysctl.o" --no_out_extension -o "D:\Micro
#        Cods\Final_traffic\Debug\Exe\TrafficLights.out" --redirect
#        _Printf=_PrintfFullNoMb --redirect _Scanf=_ScanfFullNoMb --map
#        "D:\Micro Cods\Final_traffic\Debug\List\TrafficLights.map" --config
#        "D:\Embedded IDE\arm\config\linker\TexasInstruments\TM4C123GH6.icf"
#        --semihosting D:\Tiva\driverlib\ewarm\Exe\driverlib.a --entry
#        __iar_program_start --vfe --text_out locale)
#
###############################################################################

*******************************************************************************
*** MESSAGES
***

Warning[Lt009]: Inconsistent wchar_t size
            gpio.o(driverlib.a) and 2 other objects in driverlib.a have wchar_t
                      size 16 bits
            GPTM.o and 17 other objects, some of them in dl7M_tln.a and 11
                      other libraries have wchar_t size 32 bits


*******************************************************************************
*** RUNTIME MODEL ATTRIBUTES
***

CppFlavor       = *
__SystemLibrary = DLib
__dlib_version  = 6


*******************************************************************************
*** HEAP SELECTION
***

The basic heap was selected because some modules are built with
size limitations (and not runtime checking), and --advanced_heap
was not specified.


*******************************************************************************
*** PLACEMENT SUMMARY
***

"A0":  place at address 0x0 { ro section .intvec };
"P1":  place in [from 0x0 to 0x3'ffff] { ro };
define block CSTACK with size = 4K, alignment = 8 { };
define block HEAP with size = 8K, alignment = 8 { };
"P2":  place in [from 0x2000'0000 to 0x2000'7fff] {
          rw, block CSTACK, block HEAP };
do not initialize { rw section .noinit };
initialize by copy { rw };

  Section            Kind         Address   Size  Object
  -------            ----         -------   ----  ------
"A0":                                      0x26c
  .intvec            const            0x0  0x26c  startup_ewarm.o [1]
                                  - 0x26c  0x26c

"P1":                                      0xd2c
  .text              ro code        0x26c  0x43c  gpio.o [3]
  .text              ro code        0x6a8   0xd8  interrupt.o [1]
  .text              ro code        0x780  0x428  GPTM.o [1]
  .text              ro code        0xba8   0x50  sysctl.o [1]
  .text              ro code        0xbf8  0x1c0  timer.o [3]
  .rodata            const          0xdb8   0x9c  interrupt.o [1]
  .text              ro code        0xe54   0x2e  copy_init3.o [5]
  .text              ro code        0xe84   0x28  data_init.o [5]
  .text              ro code        0xeac   0x22  main.o [1]
  .text              ro code        0xed0   0x22  fpinit_M.o [4]
  .iar.init_table    const          0xef4   0x14  - Linker created -
  .text              ro code        0xf08   0x1e  startup_ewarm.o [1]
  .text              ro code        0xf26    0xc  cstartup_M.o [5]
  .text              ro code        0xf34   0x1e  cmain.o [5]
  .text              ro code        0xf52    0x4  low_level_init.o [2]
  .text              ro code        0xf56    0x4  exit.o [2]
  .text              ro code        0xf5c    0xa  cexit.o [5]
  .text              ro code        0xf68   0x14  exit.o [6]
  .rodata            const          0xf7c   0x14  interrupt.o [1]
  Initializer bytes  const          0xf90    0x8  <for P2-1>
  .rodata            const          0xf98    0x0  copy_init3.o [5]
                                  - 0xf98  0xd2c

"P2", part 1 of 2:                           0x8
  P2-1                        0x2000'0000    0x5  <Init block>
    .bss             inited   0x2000'0000    0x4  GPTM.o [1]
    .data            inited   0x2000'0004    0x1  GPTM.o [1]
                            - 0x2000'0005    0x5

"P2", part 2 of 2:                         0x46c
  VTABLE             uninit   0x2000'0400  0x26c  interrupt.o [1]
  .noinit            uninit   0x2000'066c  0x200  startup_ewarm.o [1]
                            - 0x2000'086c  0x46c

Unused ranges:

         From           To      Size
         ----           --      ----
        0xf98     0x3'ffff  0x3'f068
  0x2000'0008  0x2000'03ff     0x3f8
  0x2000'086c  0x2000'7fff    0x7794


*******************************************************************************
*** INIT TABLE
***

          Address      Size
          -------      ----
Copy (__iar_copy_init3)
    1 source range, total size 0x8 (160% of destination):
                0xf90   0x8
    1 destination range, total size 0x5:
          0x2000'0000   0x5



*******************************************************************************
*** MODULE SUMMARY
***

    Module            ro code  ro data  rw data
    ------            -------  -------  -------
command line/config:
    -------------------------------------------
    Total:

D:\Micro Cods\Final_traffic\Debug\Obj: [1]
    GPTM.o              1'064        5        5
    interrupt.o           216      176      620
    main.o                 34
    startup_ewarm.o        30      620      512
    sysctl.o               80
    -------------------------------------------
    Total:              1'424      801    1'137

dl7M_tln.a: [2]
    exit.o                  4
    low_level_init.o        4
    -------------------------------------------
    Total:                  8

driverlib.a: [3]
    gpio.o              1'084
    timer.o               448
    -------------------------------------------
    Total:              1'532

m7M_tls.a: [4]
    fpinit_M.o             34
    -------------------------------------------
    Total:                 34

rt7M_tl.a: [5]
    cexit.o                10
    cmain.o                30
    copy_init3.o           46
    cstartup_M.o           12
    data_init.o            40
    -------------------------------------------
    Total:                138

shb_l.a: [6]
    exit.o                 20
    -------------------------------------------
    Total:                 20

    Gaps                   10        2
    Linker created                  23
-----------------------------------------------
    Grand Total:        3'166      826    1'137


*******************************************************************************
*** ENTRY LIST
***

Entry                       Address   Size  Type      Object
-----                       -------   ----  ----      ------
.iar.init_table$$Base         0xef4          --   Gb  - Linker created -
.iar.init_table$$Limit        0xf08          --   Gb  - Linker created -
?main                         0xf35         Code  Gb  cmain.o [5]
FaultISR                      0xf23    0x2  Code  Lc  startup_ewarm.o [1]
GPIODirModeSet                0x2ad   0x28  Code  Gb  gpio.o [3]
GPIOIntClear                  0x49b    0x6  Code  Gb  gpio.o [3]
GPIOIntEnable                 0x495    0x6  Code  Gb  gpio.o [3]
GPIOIntRegister               0x4a1   0x14  Code  Gb  gpio.o [3]
GPIOIntTypeSet                0x2d5   0x4c  Code  Gb  gpio.o [3]
GPIOPadConfigSet              0x321  0x174  Code  Gb  gpio.o [3]
GPIOPinTypeGPIOInput          0x4c1   0x14  Code  Gb  gpio.o [3]
GPIOPinTypeGPIOOutput         0x4d5    0xa  Code  Gb  gpio.o [3]
GPTM1_init                    0x781   0x72  Code  Gb  GPTM.o [1]
GPTM2_init                    0x7f3   0x6a  Code  Gb  GPTM.o [1]
GPTM3_init                    0x85d   0x64  Code  Gb  GPTM.o [1]
IntDefaultHandler             0xf25    0x2  Code  Lc  startup_ewarm.o [1]
IntEnable                     0x70b   0x5e  Code  Gb  interrupt.o [1]
IntPrioritySet                0x6d5   0x36  Code  Gb  interrupt.o [1]
IntRegister                   0x6a9   0x2c  Code  Gb  interrupt.o [1]
NmiSR                         0xf21    0x2  Code  Lc  startup_ewarm.o [1]
PORTB_init                    0x8d9   0x18  Code  Gb  GPTM.o [1]
PORTC_init                    0x8f1   0x50  Code  Gb  GPTM.o [1]
PORTD_init                    0x941   0x50  Code  Gb  GPTM.o [1]
PORTF_init                    0x8c1   0x18  Code  Gb  GPTM.o [1]
Pedestrian1                   0xa51   0x40  Code  Gb  GPTM.o [1]
Pedestrian2                   0xa91   0x40  Code  Gb  GPTM.o [1]
Region$$Table$$Base           0xef4          --   Gb  - Linker created -
Region$$Table$$Limit          0xf08          --   Gb  - Linker created -
ResetISR                      0xf09   0x12  Code  Gb  startup_ewarm.o [1]
SysCtlPeripheralEnable        0xbd1   0x1e  Code  Gb  sysctl.o [1]
SysCtlPeripheralReady         0xba9   0x28  Code  Gb  sysctl.o [1]
Timer2Handler                 0xad1   0x3c  Code  Gb  GPTM.o [1]
Timer3Handler                 0xb0d   0x34  Code  Gb  GPTM.o [1]
TimerConfigure                0xc53   0x52  Code  Gb  timer.o [3]
TimerControlStall             0xcb5   0x18  Code  Gb  timer.o [3]
TimerDisable                  0xc47    0xc  Code  Gb  timer.o [3]
TimerEnable                   0xc3b    0xc  Code  Gb  timer.o [3]
TimerIntClear                 0xd13    0x4  Code  Gb  timer.o [3]
TimerIntEnable                0xd01    0x4  Code  Gb  timer.o [3]
TimerIntRegister              0xce7   0x1a  Code  Gb  timer.o [3]
TimerLoadGet                  0xcdd    0xa  Code  Gb  timer.o [3]
TimerLoadSet                  0xccd   0x10  Code  Gb  timer.o [3]
_GPIOIntNumberGet             0x26d   0x40  Code  Lc  gpio.o [3]
_TimerIntNumberGet            0xbf9   0x42  Code  Lc  timer.o [3]
__cmain                       0xf35         Code  Gb  cmain.o [5]
__exit                        0xf69   0x14  Code  Gb  exit.o [6]
__iar_copy_init3              0xe55   0x2e  Code  Gb  copy_init3.o [5]
__iar_data_init3              0xe85   0x28  Code  Gb  data_init.o [5]
__iar_init_vfp                0xed1         Code  Gb  fpinit_M.o [4]
__iar_program_start           0xf27         Code  Gb  cstartup_M.o [5]
__low_level_init              0xf53    0x4  Code  Gb  low_level_init.o [2]
__vector_table                  0x0  0x26c  Data  Gb  startup_ewarm.o [1]
_call_main                    0xf41         Code  Gb  cmain.o [5]
_exit                         0xf5d         Code  Gb  cexit.o [5]
_main                         0xf4f         Code  Gb  cmain.o [5]
carshandler                   0x991   0xc0  Code  Gb  GPTM.o [1]
exit                          0xf57    0x4  Code  Gb  exit.o [2]
flag                    0x2000'0004    0x1  Data  Gb  GPTM.o [1]
g_pfnRAMVectors         0x2000'0400  0x26c  Data  Lc  interrupt.o [1]
g_ppui32GPIOIntMapBlizzard
                              0x510   0xc0  Data  Lc  gpio.o [3]
g_ppui32GPIOIntMapSnowflake
                              0x5d0   0xd8  Data  Lc  gpio.o [3]
g_ppui32TimerIntMap           0xd18   0x60  Data  Lc  timer.o [3]
g_ppui32TimerIntMapSnowflake
                              0xd78   0x40  Data  Lc  timer.o [3]
g_pui32EnRegs                 0xf7c   0x14  Data  Lc  interrupt.o [1]
g_pui32Regs                   0xdb8   0x9c  Data  Lc  interrupt.o [1]
main                          0xead   0x22  Code  Gb  main.o [1]
pui32Stack              0x2000'066c  0x200  Data  Lc  startup_ewarm.o [1]
state                   0x2000'0000    0x4  Data  Lc  GPTM.o [1]


[1] = D:\Micro Cods\Final_traffic\Debug\Obj
[2] = dl7M_tln.a
[3] = driverlib.a
[4] = m7M_tls.a
[5] = rt7M_tl.a
[6] = shb_l.a

  3'166 bytes of readonly  code memory
    826 bytes of readonly  data memory
  1'137 bytes of readwrite data memory

Errors: none
Warnings: 1
